../Core/Src/main.c:115:5:main	32	static
../Core/Src/main.c:272:6:SystemClock_Config	72	static
../Core/Src/main.c:312:13:MX_CAN_Init	48	static
../Core/Src/main.c:362:13:MX_I2C2_Init	8	static
../Core/Src/main.c:396:13:MX_SPI1_Init	8	static
../Core/Src/main.c:434:13:MX_TIM1_Init	80	static
../Core/Src/main.c:503:13:MX_TIM2_Init	56	static
../Core/Src/main.c:552:13:MX_TIM3_Init	32	static
../Core/Src/main.c:597:13:MX_TIM4_Init	48	static
../Core/Src/main.c:646:13:MX_USART1_UART_Init	8	static
../Core/Src/main.c:679:13:MX_GPIO_Init	40	static
../Core/Src/main.c:744:6:Error_Handler	4	static,ignoring_inline_asm
