../Core/Src/motor.c:6:6:HAL_TIM_IC_CaptureCallback	16	static
../Core/Src/motor.c:24:6:startEncoder	8	static
../Core/Src/motor.c:30:6:updateEncoder	8	static
../Core/Src/motor.c:46:6:motorInit	24	static
../Core/Src/motor.c:66:9:scalePWM	16	static
../Core/Src/motor.c:71:7:speedToPWM	24	static
../Core/Src/motor.c:82:6:startMotor	16	static
../Core/Src/motor.c:91:6:endMotor	16	static
../Core/Src/motor.c:100:6:stopMotor	16	static
../Core/Src/motor.c:107:6:goForward	16	static
../Core/Src/motor.c:115:6:goReverse	16	static
