../Core/Src/main.c:105:5:main	8	static,ignoring_inline_asm
../Core/Src/main.c:253:6:SystemClock_Config	88	static
../Core/Src/main.c:299:13:MX_ADC1_Init	24	static
../Core/Src/main.c:345:13:MX_CAN_Init	48	static
../Core/Src/main.c:394:13:MX_I2C1_Init	8	static
../Core/Src/main.c:427:13:MX_TIM3_Init	32	static
../Core/Src/main.c:471:13:MX_USART1_UART_Init	8	static
../Core/Src/main.c:503:13:MX_USART2_UART_Init	8	static
../Core/Src/main.c:535:13:MX_GPIO_Init	40	static
../Core/Src/main.c:604:6:init2Sensor	24	static
../Core/Src/main.c:664:6:Error_Handler	8	static,ignoring_inline_asm
