../Core/Src/VL53L0X.c:44:6:writeReg	40	static
../Core/Src/VL53L0X.c:51:6:writeReg16Bit	40	static
../Core/Src/VL53L0X.c:60:6:writeReg32Bit	48	static
../Core/Src/VL53L0X.c:71:9:readReg	40	static
../Core/Src/VL53L0X.c:81:10:readReg16Bit	40	static
../Core/Src/VL53L0X.c:91:10:readReg32Bit	40	static
../Core/Src/VL53L0X.c:101:6:writeMulti	80	dynamic
../Core/Src/VL53L0X.c:112:6:readMulti	48	static
../Core/Src/VL53L0X.c:119:6:setAddress	16	static
../Core/Src/VL53L0X.c:130:9:getAddress	16	static
../Core/Src/VL53L0X.c:142:9:initVL53L0X	40	static
../Core/Src/VL53L0X.c:390:6:setSignalRateLimit	16	static
../Core/Src/VL53L0X.c:400:7:getSignalRateLimit	16	static
../Core/Src/VL53L0X.c:412:6:setMeasurementTimingBudget	80	static
../Core/Src/VL53L0X.c:501:10:getMeasurementTimingBudget	64	static
../Core/Src/VL53L0X.c:555:6:setVcselPulsePeriod	56	static
../Core/Src/VL53L0X.c:732:9:getVcselPulsePeriod	16	static
../Core/Src/VL53L0X.c:751:6:startContinuous	24	static
../Core/Src/VL53L0X.c:789:6:stopContinuous	16	static
../Core/Src/VL53L0X.c:804:10:readRangeContinuousMillimeters	24	static
../Core/Src/VL53L0X.c:842:10:readRangeSingleMillimeters	16	static
../Core/Src/VL53L0X.c:864:6:timeoutOccurred	16	static
../Core/Src/VL53L0X.c:871:6:setTimeout	16	static
../Core/Src/VL53L0X.c:875:10:getTimeout	4	static
../Core/Src/VL53L0X.c:884:6:getSpadInfo	32	static
../Core/Src/VL53L0X.c:926:6:getSequenceStepEnables	24	static
../Core/Src/VL53L0X.c:941:6:getSequenceStepTimeouts	24	static
../Core/Src/VL53L0X.c:975:10:decodeTimeout	16	static
../Core/Src/VL53L0X.c:986:10:encodeTimeout	24	static
../Core/Src/VL53L0X.c:1010:10:timeoutMclksToMicroseconds	24	static
../Core/Src/VL53L0X.c:1019:10:timeoutMicrosecondsToMclks	24	static
../Core/Src/VL53L0X.c:1028:6:performSingleRefCalibration	16	static
